qep.hpp:507:10:virtual void QP::QMsm::init(uint_fast8_t)	0	static
qep.hpp:501:7:QP::QMsm::~QMsm()	8	static
qep.hpp:501:7:virtual QP::QMsm::~QMsm()	8	static
qep_msm.cpp:83:1:QP::QMsm::QMsm(QP::QStateHandler)	16	static
qep_msm.cpp:340:8:QP::QState QP::QMsm::execTatbl_(const QP::QMTranActTable*, uint_fast8_t)	16	static
qep_msm.cpp:101:6:virtual void QP::QMsm::init(const void*, uint_fast8_t)	16	static
qep_msm.cpp:415:6:void QP::QMsm::exitToTranSource_(const QP::QMState*, const QP::QMState*, uint_fast8_t)	16	static
qep_msm.cpp:456:8:QP::QState QP::QMsm::enterHistory_(const QP::QMState*, uint_fast8_t)	32	static
qep_msm.cpp:149:6:virtual void QP::QMsm::dispatch(const QP::QEvt*, uint_fast8_t)	32	static
qep_msm.cpp:524:6:bool QP::QMsm::isInState(const QP::QMState*) const	0	static
qep_msm.cpp:554:16:const QP::QMState* QP::QMsm::childStateObj(const QP::QMState*) const	8	static
