qep.hpp:282:18:virtual void QP::QHsm::init(uint_fast8_t)	0	static
qf.hpp:200:18:virtual void QP::QActive::start(uint_fast8_t, const QP::QEvt**, uint_fast16_t, void*, uint_fast16_t)	32	static
timebomb.cpp:71:1:static QP::QState Timebomb::initial(void*, const QP::QEvt*)	8	static
timebomb.cpp:29:7:Timebomb::~Timebomb()	8	static
timebomb.cpp:29:7:virtual Timebomb::~Timebomb()	8	static
timebomb.cpp:65:1:Timebomb::Timebomb()	8	static
timebomb.cpp:71:1:QP::QState Timebomb::initial_h(const QP::QEvt*)	8	static
timebomb.cpp:83:1:QP::QState Timebomb::WaitForButton_h(const QP::QEvt*)	16	static
timebomb.cpp:83:1:static QP::QState Timebomb::WaitForButton(void*, const QP::QEvt*)	0	static
timebomb.cpp:110:1:QP::QState Timebomb::blink_h(const QP::QEvt*)	8	static
timebomb.cpp:110:1:static QP::QState Timebomb::blink(void*, const QP::QEvt*)	0	static
timebomb.cpp:135:1:QP::QState Timebomb::pause_h(const QP::QEvt*)	16	static
timebomb.cpp:135:1:static QP::QState Timebomb::pause(void*, const QP::QEvt*)	0	static
timebomb.cpp:171:1:QP::QState Timebomb::boom_h(const QP::QEvt*)	8	static
timebomb.cpp:171:1:static QP::QState Timebomb::boom(void*, const QP::QEvt*)	0	static
timebomb.cpp:189:1:cpp)	0	static
timebomb.cpp:189:1:cpp)	8	static
