qep.hpp:282:18:virtual void QP::QHsm::init(uint_fast8_t)	0	static
qep_hsm.cpp:126:1:QP::QHsm::~QHsm()	0	static
qep_hsm.cpp:224:8:static QP::QState QP::QHsm::top(void*, const QP::QEvt*)	0	static
qep_hsm.cpp:126:1:virtual QP::QHsm::~QHsm()	8	static
qep_hsm.cpp:139:6:virtual void QP::QHsm::init(const void*, uint_fast8_t)	56	static
qep_hsm.cpp:117:1:QP::QHsm::QHsm(QP::QStateHandler)	0	static
qep_hsm.cpp:404:18:int_fast8_t QP::QHsm::hsm_tran(QP::QState (* (&)[6])(void*, const QP::QEvt*), uint_fast8_t)	40	static
qep_hsm.cpp:242:6:virtual void QP::QHsm::dispatch(const QP::QEvt*, uint_fast8_t)	56	static
qep_hsm.cpp:557:6:bool QP::QHsm::isIn(QP::QStateHandler)	16	static
qep_hsm.cpp:600:15:QP::QState (* QP::QHsm::childState(QP::QStateHandler))(void*, const QP::QEvt*)	24	static
