qf.hpp:200:18:virtual void QP::QActive::start(uint_fast8_t, const QP::QEvt**, uint_fast16_t, void*, uint_fast16_t)	32	static
qf.hpp:646:10:virtual void QP::QTicker::init(uint_fast8_t)	0	static
qf_actq.cpp:400:6:virtual void QP::QTicker::init(const void*, uint_fast8_t)	0	static
qf_actq.cpp:474:6:virtual void QP::QTicker::postLIFO(const QP::QEvt*)	8	static
qf_actq.cpp:408:6:virtual void QP::QTicker::dispatch(const QP::QEvt*, uint_fast8_t)	16	static,ignoring_inline_asm
qf.hpp:640:7:QP::QTicker::~QTicker()	8	static
qf.hpp:640:7:virtual QP::QTicker::~QTicker()	8	static
qf_actq.cpp:433:6:virtual bool QP::QTicker::post_(const QP::QEvt*, uint_fast16_t)	8	static,ignoring_inline_asm
qf_actq.cpp:94:6:virtual bool QP::QActive::post_(const QP::QEvt*, uint_fast16_t)	16	static,ignoring_inline_asm
qf_actq.cpp:228:6:virtual void QP::QActive::postLIFO(const QP::QEvt*)	8	static,ignoring_inline_asm
qf_actq.cpp:313:13:const QP::QEvt* QP::QActive::get_()	8	static,ignoring_inline_asm
qf_actq.cpp:378:20:static uint_fast16_t QP::QF::getQueueMin(uint_fast8_t)	8	static,ignoring_inline_asm
qf_actq.cpp:393:1:QP::QTicker::QTicker(uint_fast8_t)	16	static
