bsp.cpp:145:77:void __tcf_0()	0	static
bsp.cpp:148:87:void __tcf_1()	0	static
bsp.cpp:12:9:BSP::LED::classLED::~classLED()	0	static
bsp.cpp:13:14:void BSP::LED::classLED::setPinHigh() const	0	static
bsp.cpp:16:14:void BSP::LED::classLED::setPinLow() const	0	static
bsp.cpp:19:14:void BSP::LED::classLED::togglePin() const	0	static
bsp.cpp:23:17:BSP::GPIOPin BSP::LED::classLED::getPinNumber() const	0	static
bsp.cpp:26:18:BSP::GPIOPort BSP::LED::classLED::getPortNumber() const	0	static
bsp.cpp:29:14:void BSP::LED::classLED::setPinNumber(BSP::GPIOPin)	0	static
bsp.cpp:32:14:void BSP::LED::classLED::setPortNumber(BSP::GPIOPort)	0	static
bsp.cpp:8:9:BSP::LED::classLED::classLED(BSP::GPIOPort, BSP::GPIOPin)	8	static
bsp.cpp:81:5:BSP::Button::classButton::~classButton()	0	static
bsp.cpp:82:15:BSP::GPIOPinState BSP::Button::classButton::readPin() const	0	static
bsp.cpp:85:10:BSP::GPIOPin BSP::Button::classButton::getPinNumber() const	0	static
bsp.cpp:88:11:BSP::GPIOPort BSP::Button::classButton::getPortNumber() const	0	static
bsp.cpp:91:7:void BSP::Button::classButton::setPinNumber(BSP::GPIOPin)	0	static
bsp.cpp:94:7:void BSP::Button::classButton::setPortNumber(BSP::GPIOPort)	0	static
bsp.cpp:77:5:BSP::Button::classButton::classButton(BSP::GPIOPort, BSP::GPIOPin)	8	static
bsp.cpp:139:10:void BSP::Init(BSP::MainData_t*)	16	static
