qep.hpp:282:18:virtual void QP::QHsm::init(uint_fast8_t)	0	static
qf.hpp:200:18:virtual void QP::QActive::start(uint_fast8_t, const QP::QEvt**, uint_fast16_t, void*, uint_fast16_t)	32	static
blinky.cpp:28:7:Blinky::~Blinky()	8	static
blinky.cpp:28:7:virtual Blinky::~Blinky()	8	static
blinky.cpp:63:1:Blinky::Blinky()	8	static
blinky.cpp:69:1:QP::QState Blinky::initial_h(const QP::QEvt*)	8	static
blinky.cpp:69:1:static QP::QState Blinky::initial(void*, const QP::QEvt*)	0	static
blinky.cpp:84:1:QP::QState Blinky::WaitForButton_h(const QP::QEvt*)	8	static
blinky.cpp:84:1:static QP::QState Blinky::WaitForButton(void*, const QP::QEvt*)	0	static
blinky.cpp:114:1:QP::QState Blinky::off_h(const QP::QEvt*)	8	static
blinky.cpp:114:1:static QP::QState Blinky::off(void*, const QP::QEvt*)	0	static
blinky.cpp:149:1:QP::QState Blinky::on_h(const QP::QEvt*)	8	static
blinky.cpp:149:1:static QP::QState Blinky::on(void*, const QP::QEvt*)	0	static
blinky.cpp:182:1:cpp)	0	static
blinky.cpp:182:1:cpp)	8	static
