QPbsp.cpp:54:6:void SysTick_Handler()	8	static,ignoring_inline_asm
QPbsp.cpp:63:6:static void QPBSP::init()	0	static
QPbsp.cpp:67:6:static void QPBSP::ledOff()	0	static
QPbsp.cpp:71:6:static void QPBSP::ledOn()	0	static
QPbsp.cpp:74:10:static void QPBSP::readButton()	24	static
QPbsp.cpp:91:6:static void QP::QF::onStartup()	0	static
QPbsp.cpp:115:6:static void QP::QK::onIdle()	0	static
QPbsp.cpp:119:6:static void QP::QF::onCleanup()	0	static
QPbsp.cpp:123:6:void Q_onAssert(const char*, int)	8	static
QPbsp.cpp:126:1:cpp)	0	static
QPbsp.cpp:126:1:cpp)	0	static
