qep.hpp:282:18:virtual void QP::QHsm::init(uint_fast8_t)	0	static
qf.hpp:200:18:virtual void QP::QActive::start(uint_fast8_t, const QP::QEvt**, uint_fast16_t, void*, uint_fast16_t)	32	static
blinky.cpp:27:7:Blinky::~Blinky()	8	static
blinky.cpp:27:7:virtual Blinky::~Blinky()	8	static
blinky.cpp:61:1:Blinky::Blinky()	8	static
blinky.cpp:67:1:QP::QState Blinky::initial_h(const QP::QEvt*)	8	static
blinky.cpp:67:1:static QP::QState Blinky::initial(void*, const QP::QEvt*)	0	static
blinky.cpp:81:1:QP::QState Blinky::off_h(const QP::QEvt*)	8	static
blinky.cpp:81:1:static QP::QState Blinky::off(void*, const QP::QEvt*)	0	static
blinky.cpp:103:1:QP::QState Blinky::on_h(const QP::QEvt*)	8	static
blinky.cpp:103:1:static QP::QState Blinky::on(void*, const QP::QEvt*)	0	static
blinky.cpp:123:1:cpp)	0	static
blinky.cpp:123:1:cpp)	8	static
