QPbsp.cpp:54:6:void SysTick_Handler()	8	static,ignoring_inline_asm
QPbsp.cpp:63:6:static void QPBSP::init()	8	static
QPbsp.cpp:73:6:static void QPBSP::ledOff()	0	static
QPbsp.cpp:77:6:static void QPBSP::ledOn()	0	static
QPbsp.cpp:83:6:static void QP::QF::onStartup()	0	static
QPbsp.cpp:107:6:static void QP::QK::onIdle()	0	static
QPbsp.cpp:108:6:static void QP::QF::onCleanup()	0	static
QPbsp.cpp:112:6:void Q_onAssert(const char*, int)	8	static
QPbsp.cpp:115:1:cpp)	0	static
QPbsp.cpp:115:1:cpp)	0	static
