bsp.cpp:155:77:void __tcf_0()	0	static
bsp.cpp:158:87:void __tcf_1()	0	static
bsp.cpp:15:9:BSP::LED::classLED::~classLED()	0	static
bsp.cpp:16:14:void BSP::LED::classLED::setPinHigh()	8	static
bsp.cpp:20:14:void BSP::LED::classLED::setPinLow()	8	static
bsp.cpp:24:14:void BSP::LED::classLED::togglePin()	8	static
bsp.cpp:30:17:BSP::GPIOPin BSP::LED::classLED::getPinNumber() const	0	static
bsp.cpp:33:18:BSP::GPIOPort BSP::LED::classLED::getPortNumber() const	0	static
bsp.cpp:36:22:BSP::GPIOPinState BSP::LED::classLED::getPinState()	0	static
bsp.cpp:39:14:void BSP::LED::classLED::setPinNumber(BSP::GPIOPin)	0	static
bsp.cpp:42:14:void BSP::LED::classLED::setPortNumber(BSP::GPIOPort)	0	static
bsp.cpp:10:9:BSP::LED::classLED::classLED(BSP::GPIOPort, BSP::GPIOPin)	8	static
bsp.cpp:91:5:BSP::Button::classButton::~classButton()	0	static
bsp.cpp:92:15:BSP::GPIOPinState BSP::Button::classButton::readPin() const	0	static
bsp.cpp:95:10:BSP::GPIOPin BSP::Button::classButton::getPinNumber() const	0	static
bsp.cpp:98:11:BSP::GPIOPort BSP::Button::classButton::getPortNumber() const	0	static
bsp.cpp:101:7:void BSP::Button::classButton::setPinNumber(BSP::GPIOPin)	0	static
bsp.cpp:104:7:void BSP::Button::classButton::setPortNumber(BSP::GPIOPort)	0	static
bsp.cpp:87:5:BSP::Button::classButton::classButton(BSP::GPIOPort, BSP::GPIOPin)	8	static
bsp.cpp:149:10:void BSP::Init(BSP::MainData_t*)	16	static
